
> front-reservas@0.0.0 start
> ng serve --host 127.0.0.1

[33m>[39m Building...
[32m√[39m Building...
[1mInitial chunk files[22m[2m | [22m[1mNames[22m         [2m | [22m [1mRaw size[22m
[32mstyles.css[39m         [2m | [22m[2mstyles[22m        [2m | [22m [36m63.39 kB[39m[2m | [22m
[32mmain.js[39m            [2m | [22m[2mmain[22m          [2m | [22m [36m10.01 kB[39m[2m | [22m
[32mchunk-VJSASW3U.js[39m  [2m | [22m[2m-[22m             [2m | [22m  [36m9.78 kB[39m[2m | [22m
[32mchunk-EVSPGG2W.js[39m  [2m | [22m[2m-[22m             [2m | [22m  [36m1.64 kB[39m[2m | [22m
[32mpolyfills.js[39m       [2m | [22m[2mpolyfills[22m     [2m | [22m [36m95 bytes[39m[2m | [22m

[1m [22m                  [2m | [22m[1mInitial total[22m [2m | [22m [1m84.90 kB[22m

[1mLazy chunk files[22m   [2m | [22m[1mNames[22m         [2m | [22m [1mRaw size[22m
[32mchunk-AWID46FK.js[39m  [2m | [22m[2mreservation[22m   [2m | [22m[36m152.63 kB[39m[2m | [22m
[32mchunk-BYBL2Z7S.js[39m  [2m | [22m[2mapp-layout[22m    [2m | [22m [36m55.26 kB[39m[2m | [22m
[32mchunk-IUU7N6PO.js[39m  [2m | [22m[2muser[22m          [2m | [22m [36m50.69 kB[39m[2m | [22m
[32mchunk-7AWPYU4S.js[39m  [2m | [22m[2mmenu[22m          [2m | [22m [36m46.45 kB[39m[2m | [22m
[32mchunk-UQPMS4Q2.js[39m  [2m | [22m[2mpayment-method[22m[2m | [22m [36m36.24 kB[39m[2m | [22m
[32mchunk-OOMUDOV2.js[39m  [2m | [22m[2mcourt[22m         [2m | [22m [36m36.05 kB[39m[2m | [22m
[32mchunk-3XWHGZ7L.js[39m  [2m | [22m[2mlogin[22m         [2m | [22m [36m28.77 kB[39m[2m | [22m
[32mchunk-GWEREW4I.js[39m  [2m | [22m[2m-[22m             [2m | [22m [36m27.84 kB[39m[2m | [22m
[32mchunk-KLAUHQFD.js[39m  [2m | [22m[2mrole[22m          [2m | [22m [36m27.53 kB[39m[2m | [22m
[32mchunk-UD2TAWL4.js[39m  [2m | [22m[2mrole-menu[22m     [2m | [22m [36m26.77 kB[39m[2m | [22m
[32mchunk-TFOUFIG7.js[39m  [2m | [22m[2munauthorized[22m  [2m | [22m [36m11.43 kB[39m[2m | [22m
[32mchunk-7XWTOGLT.js[39m  [2m | [22m[2m-[22m             [2m | [22m  [36m1.80 kB[39m[2m | [22m
[32mchunk-T4R2HJMS.js[39m  [2m | [22m[2minicio[22m        [2m | [22m  [36m1.74 kB[39m[2m | [22m

Application bundle generation complete. [19.540 seconds] - 2026-07-29T01:38:27.459Z

Watch mode enabled. Watching for file changes...
NOTE: Raw file sizes do not reflect development server per-request transformations.
  [32m➜[39m  [1mLocal[22m:   [36mhttp://127.0.0.1:[1m4200[22m/[39m
[33m>[39m Changes detected. Rebuilding...
[32m√[39m Changes detected. Rebuilding...
[1mInitial chunk files[22m[2m | [22m[1mNames[22m      [2m | [22m [1mRaw size[22m
[32mmain.js[39m            [2m | [22m[2mmain[22m       [2m | [22m [36m10.01 kB[39m[2m | [22m

[1mLazy chunk files[22m   [2m | [22m[1mNames[22m      [2m | [22m [1mRaw size[22m
[32mchunk-VIV3PCJB.js[39m  [2m | [22m[2mreservation[22m[2m | [22m[36m152.51 kB[39m[2m | [22m

Application bundle generation complete. [5.050 seconds] - 2026-07-29T02:02:54.003Z

Page reload sent to client(s).
[33m>[39m Changes detected. Rebuilding...
[32m√[39m Changes detected. Rebuilding...
[1mInitial chunk files[22m[2m | [22m[1mNames[22m         [2m | [22m [1mRaw size[22m
[32mstyles.css[39m         [2m | [22m[2mstyles[22m        [2m | [22m [36m63.39 kB[39m[2m | [22m
[32mmain.js[39m            [2m | [22m[2mmain[22m          [2m | [22m [36m10.01 kB[39m[2m | [22m
[32mchunk-VJSASW3U.js[39m  [2m | [22m[2m-[22m             [2m | [22m  [36m9.78 kB[39m[2m | [22m
[32mchunk-EVSPGG2W.js[39m  [2m | [22m[2m-[22m             [2m | [22m  [36m1.64 kB[39m[2m | [22m
[32mpolyfills.js[39m       [2m | [22m[2mpolyfills[22m     [2m | [22m [36m95 bytes[39m[2m | [22m

[1m [22m                  [2m | [22m[1mInitial total[22m [2m | [22m [1m84.90 kB[22m

[1mLazy chunk files[22m   [2m | [22m[1mNames[22m         [2m | [22m [1mRaw size[22m
[32mchunk-VIV3PCJB.js[39m  [2m | [22m[2mreservation[22m   [2m | [22m[36m152.51 kB[39m[2m | [22m
[32mchunk-BYBL2Z7S.js[39m  [2m | [22m[2mapp-layout[22m    [2m | [22m [36m55.26 kB[39m[2m | [22m
[32mchunk-IUU7N6PO.js[39m  [2m | [22m[2muser[22m          [2m | [22m [36m50.69 kB[39m[2m | [22m
[32mchunk-7AWPYU4S.js[39m  [2m | [22m[2mmenu[22m          [2m | [22m [36m46.45 kB[39m[2m | [22m
[32mchunk-UQPMS4Q2.js[39m  [2m | [22m[2mpayment-method[22m[2m | [22m [36m36.24 kB[39m[2m | [22m
[32mchunk-OOMUDOV2.js[39m  [2m | [22m[2mcourt[22m         [2m | [22m [36m36.05 kB[39m[2m | [22m
[32mchunk-3XWHGZ7L.js[39m  [2m | [22m[2mlogin[22m         [2m | [22m [36m28.77 kB[39m[2m | [22m
[32mchunk-GWEREW4I.js[39m  [2m | [22m[2m-[22m             [2m | [22m [36m27.84 kB[39m[2m | [22m
[32mchunk-KLAUHQFD.js[39m  [2m | [22m[2mrole[22m          [2m | [22m [36m27.53 kB[39m[2m | [22m
[32mchunk-UD2TAWL4.js[39m  [2m | [22m[2mrole-menu[22m     [2m | [22m [36m26.77 kB[39m[2m | [22m
[32mchunk-TFOUFIG7.js[39m  [2m | [22m[2munauthorized[22m  [2m | [22m [36m11.43 kB[39m[2m | [22m
[32mchunk-7XWTOGLT.js[39m  [2m | [22m[2m-[22m             [2m | [22m  [36m1.80 kB[39m[2m | [22m
[32mchunk-T4R2HJMS.js[39m  [2m | [22m[2minicio[22m        [2m | [22m  [36m1.74 kB[39m[2m | [22m

Application bundle generation complete. [3.179 seconds] - 2026-07-29T02:02:57.192Z

Component update sent to client(s).
[33m>[39m Changes detected. Rebuilding...
[32m√[39m Changes detected. Rebuilding...
[1mInitial chunk files[22m[2m | [22m[1mNames[22m      [2m | [22m [1mRaw size[22m
[32mstyles.css[39m         [2m | [22m[2mstyles[22m     [2m | [22m [36m64.02 kB[39m[2m | [22m
[32mmain.js[39m            [2m | [22m[2mmain[22m       [2m | [22m [36m10.01 kB[39m[2m | [22m

[1mLazy chunk files[22m   [2m | [22m[1mNames[22m      [2m | [22m [1mRaw size[22m
[32mchunk-UOTADHBY.js[39m  [2m | [22m[2mreservation[22m[2m | [22m[36m154.81 kB[39m[2m | [22m

Application bundle generation complete. [1.718 seconds] - 2026-07-29T02:03:21.516Z

Page reload sent to client(s).
[33m>[39m Changes detected. Rebuilding...
[32m√[39m Changes detected. Rebuilding...
[1mInitial chunk files[22m[2m | [22m[1mNames[22m      [2m | [22m [1mRaw size[22m
[32mmain.js[39m            [2m | [22m[2mmain[22m       [2m | [22m [36m10.01 kB[39m[2m | [22m

[1mLazy chunk files[22m   [2m | [22m[1mNames[22m      [2m | [22m [1mRaw size[22m
[32mchunk-FKHXAYU5.js[39m  [2m | [22m[2mreservation[22m[2m | [22m[36m154.81 kB[39m[2m | [22m

Application bundle generation complete. [1.949 seconds] - 2026-07-29T02:13:10.793Z

Page reload sent to client(s).
[33m>[39m Changes detected. Rebuilding...
[32m√[39m Changes detected. Rebuilding...
[1mInitial chunk files[22m[2m | [22m[1mNames[22m      [2m | [22m [1mRaw size[22m
[32mmain.js[39m            [2m | [22m[2mmain[22m       [2m | [22m [36m10.01 kB[39m[2m | [22m

[1mLazy chunk files[22m   [2m | [22m[1mNames[22m      [2m | [22m [1mRaw size[22m
[32mchunk-SZZOZETU.js[39m  [2m | [22m[2mreservation[22m[2m | [22m[36m155.27 kB[39m[2m | [22m

Application bundle generation complete. [1.982 seconds] - 2026-07-29T02:22:16.930Z

Component update sent to client(s).
[33m>[39m Changes detected. Rebuilding...
[32m√[39m Changes detected. Rebuilding...
[1mInitial chunk files[22m[2m | [22m[1mNames[22m         [2m | [22m [1mRaw size[22m
[32mstyles.css[39m         [2m | [22m[2mstyles[22m        [2m | [22m [36m64.02 kB[39m[2m | [22m
[32mmain.js[39m            [2m | [22m[2mmain[22m          [2m | [22m [36m10.01 kB[39m[2m | [22m
[32mchunk-VJSASW3U.js[39m  [2m | [22m[2m-[22m             [2m | [22m  [36m9.78 kB[39m[2m | [22m
[32mchunk-EVSPGG2W.js[39m  [2m | [22m[2m-[22m             [2m | [22m  [36m1.64 kB[39m[2m | [22m
[32mpolyfills.js[39m       [2m | [22m[2mpolyfills[22m     [2m | [22m [36m95 bytes[39m[2m | [22m

[1m [22m                  [2m | [22m[1mInitial total[22m [2m | [22m [1m85.53 kB[22m

[1mLazy chunk files[22m   [2m | [22m[1mNames[22m         [2m | [22m [1mRaw size[22m
[32mchunk-SZZOZETU.js[39m  [2m | [22m[2mreservation[22m   [2m | [22m[36m155.27 kB[39m[2m | [22m
[32mchunk-BYBL2Z7S.js[39m  [2m | [22m[2mapp-layout[22m    [2m | [22m [36m55.26 kB[39m[2m | [22m
[32mchunk-IUU7N6PO.js[39m  [2m | [22m[2muser[22m          [2m | [22m [36m50.69 kB[39m[2m | [22m
[32mchunk-7AWPYU4S.js[39m  [2m | [22m[2mmenu[22m          [2m | [22m [36m46.45 kB[39m[2m | [22m
[32mchunk-UQPMS4Q2.js[39m  [2m | [22m[2mpayment-method[22m[2m | [22m [36m36.24 kB[39m[2m | [22m
[32mchunk-OOMUDOV2.js[39m  [2m | [22m[2mcourt[22m         [2m | [22m [36m36.05 kB[39m[2m | [22m
[32mchunk-3XWHGZ7L.js[39m  [2m | [22m[2mlogin[22m         [2m | [22m [36m28.77 kB[39m[2m | [22m
[32mchunk-GWEREW4I.js[39m  [2m | [22m[2m-[22m             [2m | [22m [36m27.84 kB[39m[2m | [22m
[32mchunk-KLAUHQFD.js[39m  [2m | [22m[2mrole[22m          [2m | [22m [36m27.53 kB[39m[2m | [22m
[32mchunk-UD2TAWL4.js[39m  [2m | [22m[2mrole-menu[22m     [2m | [22m [36m26.77 kB[39m[2m | [22m
[32mchunk-TFOUFIG7.js[39m  [2m | [22m[2munauthorized[22m  [2m | [22m [36m11.43 kB[39m[2m | [22m
[32mchunk-7XWTOGLT.js[39m  [2m | [22m[2m-[22m             [2m | [22m  [36m1.80 kB[39m[2m | [22m
[32mchunk-T4R2HJMS.js[39m  [2m | [22m[2minicio[22m        [2m | [22m  [36m1.74 kB[39m[2m | [22m

Application bundle generation complete. [0.303 seconds] - 2026-07-29T02:22:38.160Z

[33m>[39m Changes detected. Rebuilding...
[32m√[39m Changes detected. Rebuilding...
[1mInitial chunk files[22m[2m | [22m[1mNames[22m      [2m | [22m [1mRaw size[22m
[32mmain.js[39m            [2m | [22m[2mmain[22m       [2m | [22m [36m10.01 kB[39m[2m | [22m

[1mLazy chunk files[22m   [2m | [22m[1mNames[22m      [2m | [22m [1mRaw size[22m
[32mchunk-LRYKFDBA.js[39m  [2m | [22m[2mreservation[22m[2m | [22m[36m155.37 kB[39m[2m | [22m

Application bundle generation complete. [1.530 seconds] - 2026-07-29T02:27:44.004Z

Page reload sent to client(s).
[33m>[39m Changes detected. Rebuilding...
[32m√[39m Changes detected. Rebuilding...
[1mInitial chunk files[22m[2m | [22m[1mNames[22m      [2m | [22m [1mRaw size[22m
[32mmain.js[39m            [2m | [22m[2mmain[22m       [2m | [22m [36m10.01 kB[39m[2m | [22m

[1mLazy chunk files[22m   [2m | [22m[1mNames[22m      [2m | [22m [1mRaw size[22m
[32mchunk-6PY6A7QI.js[39m  [2m | [22m[2mreservation[22m[2m | [22m[36m160.00 kB[39m[2m | [22m

Application bundle generation complete. [1.239 seconds] - 2026-07-29T02:29:38.499Z

Page reload sent to client(s).
